<area shape="rect" href="$classcUPnPClassVideoItem.html" title="{cUPnPClassVideoItem\n|# mGenre\l# mDescription\l# mLongDescription\l# mPublishers\l# mLanguage\l# mRelations\l# mProducers\l# mRating\l# mActors\l# mDirectors\l|+ ~cUPnPClassVideoItem()\l+ getPropertyList()\l+ setProperty()\l+ getProperty()\l+ setLongDescription()\l+ setDescription()\l+ setPublishers()\l+ setGenre()\l+ setLanguage()\l+ setRelations()\l+ setDirectors()\l+ setActors()\l+ setProducers()\l+ setRating()\l+ getGenre()\l+ getLongDescription()\l+ getDescription()\l+ getPublishers()\l+ getLanguage()\l+ getRelations()\l+ getActors()\l+ getProducers()\l+ getDirectors()\l+ getRating()\l# cUPnPClassVideoItem()\l}" alt="" coords="5,1125,187,1733">
<area shape="rect" href="$classcUPnPClassItem.html" title="{cUPnPClassItem\n|# mReference\l|+ ~cUPnPClassItem()\l+ getPropertyList()\l+ createDIDLFragment()\l+ setProperty()\l+ getProperty()\l+ setReference()\l+ getReference()\l+ getReferenceID()\l# cUPnPClassItem()\l}" alt="" coords="16,869,176,1077">
<area shape="rect" href="$classcUPnPClassObject.html" title="{cUPnPClassObject\n|# mLastModified\l# mID\l# mParent\l# mClass\l# mTitle\l# mCreator\l# mRestricted\l# mWriteStatus\l# mResources\l# mResourcesID\l# mDIDLFragment\l# mSortCriteria\l# mSortDescending\l&#45; mLastID\l&#45; mDeleted\l|+ modified()\l+ ~cUPnPClassObject()\l+ Compare()\l+ getPropertyList()\l+ getProperty()\l+ setProperty()\l+ getContainer()\l+ createDIDLFragment()\l+ isContainer()\l+ setSortCriteria()\l+ clearSortCriteria()\l+ setTitle()\l+ setCreator()\l+ setRestricted()\l+ setWriteStatus()\l+ setResources()\l+ addResource()\l+ removeResource()\l+ getID()\l+ getParentID()\l+ getParent()\l+ getTitle()\l+ getClass()\l+ getCreator()\l+ isRestricted()\l+ getWriteStatus()\l+ getResource()\l+ getResources()\l# cUPnPClassObject()\l# setID()\l# setParent()\l# setClass()\l# setModified()\l}" alt="" coords="16,5,176,821">
