<area shape="rect" href="$classcSQLiteDatabase.html" title="{cSQLiteDatabase\n|&#45; mAutoCommit\l&#45; mActiveTransaction\l&#45; mLastRow\l&#45; mRows\l&#45; mDatabase\l&#45; mInstance\l|+ ~cSQLiteDatabase()\l+ getResultCount()\l+ getLastInsertRowID()\l+ getResultRows()\l+ execStatement()\l+ startTransaction()\l+ commitTransaction()\l+ rollbackTransaction()\l+ setAutoCommit()\l+ sprintf()\l+ getInstance()\l&#45; cSQLiteDatabase()\l&#45; initialize()\l&#45; initializeTables()\l&#45; initializeTriggers()\l&#45; exec()\l&#45; getResultRow()\l}" alt="" coords="5,437,160,853">
<area shape="rect" href="$classcUPnPResourceMediator.html" title="{cUPnPResourceMediator\n|&#45; mDatabase\l|+ ~cUPnPResourceMediator()\l+ getResource()\l+ saveResource()\l+ newResource()\l&#45; cUPnPResourceMediator()\l&#45; getNextResourceID()\l}" alt="" coords="152,917,347,1077">
<area shape="rect" href="$classcRows.html" title="{cRows\n|&#45; mLastRow\l|+ ~cRows()\l+ fetchRow()\l&#45; cRows()\l}" alt="" coords="124,261,220,373">
<area shape="rect" href="$classcRow.html" title="{cRow\n|&#45; currentCol\l&#45; ColCount\l&#45; Columns\l&#45; Values\l|+ ~cRow()\l+ Count()\l+ fetchColumn()\l+ fetchColumn()\l&#45; cRow()\l}" alt="" coords="25,5,140,197">
