<area shape="rect" href="$classcUPnPMovieMediator.html" title="{cUPnPMovieMediator\n||+ cUPnPMovieMediator()\l+ ~cUPnPMovieMediator()\l+ createObject()\l+ getObject()\l# objectToDatabase()\l# databaseToObject()\l}" alt="" coords="5,917,181,1077">
<area shape="rect" href="$classcUPnPVideoBroadcastMediator.html" title="{cUPnPVideoBroadcastMediator\n||+ cUPnPVideoBroadcastMediator()\l+ ~cUPnPVideoBroadcastMediator()\l+ createObject()\l+ getObject()\l# objectToDatabase()\l# databaseToObject()\l}" alt="" coords="205,917,437,1077">
<area shape="rect" href="$classcUPnPItemMediator.html" title="{cUPnPItemMediator\n||+ cUPnPItemMediator()\l+ ~cUPnPItemMediator()\l+ createObject()\l+ getObject()\l# objectToDatabase()\l# databaseToObject()\l}" alt="" coords="124,501,289,661">
<area shape="rect" href="$classcUPnPObjectMediator.html" title="{cUPnPObjectMediator\n|# mDatabase\l# mMediaDatabase\l|+ ~cUPnPObjectMediator()\l+ createObject()\l+ getObject()\l+ saveObject()\l+ deleteObject()\l+ clearObject()\l# cUPnPObjectMediator()\l# initializeObject()\l# objectToDatabase()\l# databaseToObject()\l}" alt="" coords="117,213,296,453">
<area shape="rect" href="$classcMediatorInterface.html" title="{cMediatorInterface\n||+ ~cMediatorInterface()\l+ createObject()\l+ getObject()\l+ saveObject()\l+ deleteObject()\l+ clearObject()\l}" alt="" coords="128,5,285,165">
