<area shape="rect" href="$classcUPnPObjectMediator.html" title="{cUPnPObjectMediator\n|# mDatabase\l# mMediaDatabase\l|+ ~cUPnPObjectMediator()\l+ createObject()\l+ getObject()\l+ saveObject()\l+ deleteObject()\l+ clearObject()\l# cUPnPObjectMediator()\l# initializeObject()\l# objectToDatabase()\l# databaseToObject()\l}" alt="" coords="111,1861,289,2101">
<area shape="rect" href="$classcMediatorInterface.html" title="{cMediatorInterface\n||+ ~cMediatorInterface()\l+ createObject()\l+ getObject()\l+ saveObject()\l+ deleteObject()\l+ clearObject()\l}" alt="" coords="5,1501,163,1661">
<area shape="rect" href="$classcMediaDatabase.html" title="{cMediaDatabase\n|&#45; mSystemUpdateID\l&#45; mFactory\l&#45; mObjects\l&#45; mDatabase\l&#45; mLastInsertObjectID\l|+ getSystemUpdateID()\l+ getContainerUpdateIDs()\l+ cMediaDatabase()\l+ ~cMediaDatabase()\l+ addFastFind()\l+ getObjectByFastFind()\l+ getObjectByID()\l+ browse()\l+ search()\l&#45; getNextObjectID()\l&#45; cacheObject()\l&#45; prepareDatabase()\l&#45; loadChannels()\l&#45; loadRecordings()\l&#45; updateChannelEPG()\l&#45; updateRecordings()\l&#45; init()\l&#45; updateSystemID()\l&#45; Action()\l}" alt="" coords="271,1365,447,1797">
<area shape="rect" href="$classcUPnPObjectFactory.html" title="{cUPnPObjectFactory\n|&#45; mDatabase\l&#45; mMediators\l&#45; mInstance\l|+ registerMediator()\l+ unregisterMediator()\l+ createObject()\l+ getObject()\l+ saveObject()\l+ deleteObject()\l+ clearObject()\l+ getInstance()\l&#45; findMediatorByID()\l&#45; findMediatorByClass()\l&#45; cUPnPObjectFactory()\l}" alt="" coords="377,973,537,1245">
<area shape="rect" href="$classcSQLiteDatabase.html" title="{cSQLiteDatabase\n|&#45; mAutoCommit\l&#45; mActiveTransaction\l&#45; mLastRow\l&#45; mRows\l&#45; mDatabase\l&#45; mInstance\l|+ ~cSQLiteDatabase()\l+ getResultCount()\l+ getLastInsertRowID()\l+ getResultRows()\l+ execStatement()\l+ startTransaction()\l+ commitTransaction()\l+ rollbackTransaction()\l+ setAutoCommit()\l+ sprintf()\l+ getInstance()\l&#45; cSQLiteDatabase()\l&#45; initialize()\l&#45; initializeTables()\l&#45; initializeTriggers()\l&#45; exec()\l&#45; getResultRow()\l}" alt="" coords="209,437,364,853">
<area shape="rect" href="$classcRows.html" title="{cRows\n|&#45; mLastRow\l|+ ~cRows()\l+ fetchRow()\l&#45; cRows()\l}" alt="" coords="351,261,447,373">
<area shape="rect" href="$classcRow.html" title="{cRow\n|&#45; currentCol\l&#45; ColCount\l&#45; Columns\l&#45; Values\l|+ ~cRow()\l+ Count()\l+ fetchColumn()\l+ fetchColumn()\l&#45; cRow()\l}" alt="" coords="252,5,367,197">
<area shape="rect" href="$structcUPnPObjectID.html" title="{cUPnPObjectID\n|+ _ID\l|+ cUPnPObjectID()\l+ cUPnPObjectID()\l+ cUPnPObjectID()\l+ operator=()\l+ operator=()\l+ operator=()\l+ operator++()\l+ operator++()\l+ operator&#45;&#45;()\l+ operator&#45;&#45;()\l+ operator!=()\l+ operator==()\l+ operator!=()\l+ operator==()\l+ operator!=()\l+ operator==()\l+ operator unsigned int()\l+ operator int()\l+ operator long()\l+ operator*()\l}" alt="" coords="647,917,809,1301">
