<area shape="rect" href="$classcUPnPClassObject.html" title="{cUPnPClassObject\n|# mLastModified\l# mID\l# mParent\l# mClass\l# mTitle\l# mCreator\l# mRestricted\l# mWriteStatus\l# mResources\l# mResourcesID\l# mDIDLFragment\l# mSortCriteria\l# mSortDescending\l&#45; mLastID\l&#45; mDeleted\l|+ modified()\l+ ~cUPnPClassObject()\l+ Compare()\l+ getPropertyList()\l+ getProperty()\l+ setProperty()\l+ getContainer()\l+ createDIDLFragment()\l+ isContainer()\l+ setSortCriteria()\l+ clearSortCriteria()\l+ setTitle()\l+ setCreator()\l+ setRestricted()\l+ setWriteStatus()\l+ setResources()\l+ addResource()\l+ removeResource()\l+ getID()\l+ getParentID()\l+ getParent()\l+ getTitle()\l+ getClass()\l+ getCreator()\l+ isRestricted()\l+ getWriteStatus()\l+ getResource()\l+ getResources()\l# cUPnPClassObject()\l# setID()\l# setParent()\l# setClass()\l# setModified()\l}" alt="" coords="7,469,167,1285">
<area shape="rect" href="$structcUPnPObjectID.html" title="{cUPnPObjectID\n|+ _ID\l|+ cUPnPObjectID()\l+ cUPnPObjectID()\l+ cUPnPObjectID()\l+ operator=()\l+ operator=()\l+ operator=()\l+ operator++()\l+ operator++()\l+ operator&#45;&#45;()\l+ operator&#45;&#45;()\l+ operator!=()\l+ operator==()\l+ operator!=()\l+ operator==()\l+ operator!=()\l+ operator==()\l+ operator unsigned int()\l+ operator int()\l+ operator long()\l+ operator*()\l}" alt="" coords="5,5,168,389">
<area shape="rect" href="$classcUPnPObjects.html" title="{cUPnPObjects\n||+ cUPnPObjects()\l+ ~cUPnPObjects()\l+ SortBy()\l}" alt="" coords="264,821,400,933">
