<area shape="rect" href="$classcContentDirectory.html" title="{cContentDirectory\n|&#45; mMediaDatabase\l|+ cContentDirectory()\l+ ~cContentDirectory()\l+ subscribe()\l+ execute()\l+ setError()\l&#45; Action()\l&#45; getSearchCapabilities()\l&#45; getSortCapabilities()\l&#45; getSystemUpdateID()\l&#45; browse()\l}" alt="" coords="275,1909,437,2133">
<area shape="rect" href="$classcUpnpService.html" title="{cUpnpService\n|# mDeviceHandle\l|+ ~cUpnpService()\l+ subscribe()\l+ execute()\l# setError()\l# parseIntegerValue()\l# parseStringValue()\l&#45; cUpnpService()\l}" alt="" coords="229,1493,373,1669">
<area shape="rect" href="$classcConnectionManager.html" title="{cConnectionManager\n|&#45; mDefaultConnection\l&#45; mVirtualConnections\l&#45; mSupportedProtocols\l|+ cConnectionManager()\l+ ~cConnectionManager()\l+ subscribe()\l+ execute()\l+ setError()\l&#45; setError()\l&#45; getProtocolInfo()\l&#45; getCurrentConnectionIDs()\l&#45; getCurrentConnectionInfo()\l&#45; prepareForConnection()\l&#45; connectionComplete()\l&#45; createVirtualConnection()\l&#45; destroyVirtualConnection()\l&#45; getConnectionIDsCVS()\l}" alt="" coords="67,1861,251,2181">
<area shape="rect" href="$classcMediaDatabase.html" title="{cMediaDatabase\n|&#45; mSystemUpdateID\l&#45; mFactory\l&#45; mObjects\l&#45; mDatabase\l&#45; mLastInsertObjectID\l|+ getSystemUpdateID()\l+ getContainerUpdateIDs()\l+ cMediaDatabase()\l+ ~cMediaDatabase()\l+ addFastFind()\l+ getObjectByFastFind()\l+ getObjectByID()\l+ browse()\l+ search()\l&#45; getNextObjectID()\l&#45; cacheObject()\l&#45; prepareDatabase()\l&#45; loadChannels()\l&#45; loadRecordings()\l&#45; updateChannelEPG()\l&#45; updateRecordings()\l&#45; init()\l&#45; updateSystemID()\l&#45; Action()\l}" alt="" coords="397,1365,573,1797">
<area shape="rect" href="$classcUPnPObjectFactory.html" title="{cUPnPObjectFactory\n|&#45; mDatabase\l&#45; mMediators\l&#45; mInstance\l|+ registerMediator()\l+ unregisterMediator()\l+ createObject()\l+ getObject()\l+ saveObject()\l+ deleteObject()\l+ clearObject()\l+ getInstance()\l&#45; findMediatorByID()\l&#45; findMediatorByClass()\l&#45; cUPnPObjectFactory()\l}" alt="" coords="405,973,565,1245">
<area shape="rect" href="$classcSQLiteDatabase.html" title="{cSQLiteDatabase\n|&#45; mAutoCommit\l&#45; mActiveTransaction\l&#45; mLastRow\l&#45; mRows\l&#45; mDatabase\l&#45; mInstance\l|+ ~cSQLiteDatabase()\l+ getResultCount()\l+ getLastInsertRowID()\l+ getResultRows()\l+ execStatement()\l+ startTransaction()\l+ commitTransaction()\l+ rollbackTransaction()\l+ setAutoCommit()\l+ sprintf()\l+ getInstance()\l&#45; cSQLiteDatabase()\l&#45; initialize()\l&#45; initializeTables()\l&#45; initializeTriggers()\l&#45; exec()\l&#45; getResultRow()\l}" alt="" coords="291,437,445,853">
<area shape="rect" href="$classcRows.html" title="{cRows\n|&#45; mLastRow\l|+ ~cRows()\l+ fetchRow()\l&#45; cRows()\l}" alt="" coords="432,261,528,373">
<area shape="rect" href="$classcRow.html" title="{cRow\n|&#45; currentCol\l&#45; ColCount\l&#45; Columns\l&#45; Values\l|+ ~cRow()\l+ Count()\l+ fetchColumn()\l+ fetchColumn()\l&#45; cRow()\l}" alt="" coords="333,5,448,197">
<area shape="rect" href="$structcUPnPObjectID.html" title="{cUPnPObjectID\n|+ _ID\l|+ cUPnPObjectID()\l+ cUPnPObjectID()\l+ cUPnPObjectID()\l+ operator=()\l+ operator=()\l+ operator=()\l+ operator++()\l+ operator++()\l+ operator&#45;&#45;()\l+ operator&#45;&#45;()\l+ operator!=()\l+ operator==()\l+ operator!=()\l+ operator==()\l+ operator!=()\l+ operator==()\l+ operator unsigned int()\l+ operator int()\l+ operator long()\l+ operator*()\l}" alt="" coords="675,917,837,1301">
<area shape="rect" href="$classcUPnPWebServer.html" title="{cUPnPWebServer\n|&#45; mRootdir\l&#45; mInstance\l&#45; mVirtualDirCallbacks\l|+ init()\l+ uninit()\l+ ~cUPnPWebServer()\l+ getInstance()\l+ getInfo()\l+ open()\l+ read()\l+ write()\l+ seek()\l+ close()\l&#45; cUPnPWebServer()\l}" alt="" coords="611,1885,765,2157">
<area shape="rect" href="$classcVirtualConnection.html" title="{cVirtualConnection\n|&#45; mRemoteProtocolInfo\l&#45; mRemoteConnectionManager\l&#45; mDirection\l&#45; mRemoteConnectionID\l&#45; mConnectionID\l&#45; mAVTransportID\l&#45; mRcsID\l&#45; mStatus\l|&#45; cVirtualConnection()\l&#45; getStatusString()\l&#45; getDirectionString()\l&#45; getDirection()\l&#45; getConnectionStatus()\l}" alt="" coords="5,1453,205,1709">
