<area shape="rect" href="$classcUPnPClassContainer.html" title="{cUPnPClassContainer\n|# mContainerType\l# mSearchClasses\l# mCreateClasses\l# mSearchable\l# mUpdateID\l# mChildren\l# mChildrenID\l|+ ~cUPnPClassContainer()\l+ getPropertyList()\l+ createDIDLFragment()\l+ setProperty()\l+ getProperty()\l+ getContainer()\l+ addObject()\l+ removeObject()\l+ getObject()\l+ getObjectList()\l+ addSearchClass()\l+ delSearchClass()\l+ addCreateClass()\l+ delCreateClass()\l+ setContainerType()\l+ setSearchClasses()\l+ setCreateClasses()\l+ setSearchable()\l+ getContainerType()\l+ getSearchClasses()\l+ getCreateClasses()\l+ isSearchable()\l+ getChildCount()\l+ getUpdateID()\l+ isUpdated()\l# update()\l# setUpdateID()\l# cUPnPClassContainer()\l}" alt="" coords="5,869,184,1477">
<area shape="rect" href="$classcUPnPClassItem.html" title="{cUPnPClassItem\n|# mReference\l|+ ~cUPnPClassItem()\l+ getPropertyList()\l+ createDIDLFragment()\l+ setProperty()\l+ getProperty()\l+ setReference()\l+ getReference()\l+ getReferenceID()\l# cUPnPClassItem()\l}" alt="" coords="208,1069,368,1277">
<area shape="rect" href="$classcUPnPClassVideoItem.html" title="{cUPnPClassVideoItem\n|# mGenre\l# mDescription\l# mLongDescription\l# mPublishers\l# mLanguage\l# mRelations\l# mProducers\l# mRating\l# mActors\l# mDirectors\l|+ ~cUPnPClassVideoItem()\l+ getPropertyList()\l+ setProperty()\l+ getProperty()\l+ setLongDescription()\l+ setDescription()\l+ setPublishers()\l+ setGenre()\l+ setLanguage()\l+ setRelations()\l+ setDirectors()\l+ setActors()\l+ setProducers()\l+ setRating()\l+ getGenre()\l+ getLongDescription()\l+ getDescription()\l+ getPublishers()\l+ getLanguage()\l+ getRelations()\l+ getActors()\l+ getProducers()\l+ getDirectors()\l+ getRating()\l# cUPnPClassVideoItem()\l}" alt="" coords="197,1525,379,2133">
<area shape="rect" href="$classcUPnPClassMovie.html" title="{cUPnPClassMovie\n|# mDVDRegionCode\l# mStorageMedium\l|+ ~cUPnPClassMovie()\l+ getPropertyList()\l+ setProperty()\l+ getProperty()\l+ setDVDRegionCode()\l+ setStorageMedium()\l+ getDVDRegionCode()\l+ getStorageMedium()\l# cUPnPClassMovie()\l}" alt="" coords="104,2229,261,2453">
<area shape="rect" href="$classcUPnPClassVideoBroadcast.html" title="{cUPnPClassVideoBroadcast\n|# mIcon\l# mRegion\l# mChannelNr\l# mChannelName\l|+ ~cUPnPClassVideoBroadcast()\l+ getPropertyList()\l+ setProperty()\l+ getProperty()\l+ setIcon()\l+ setRegion()\l+ setChannelNr()\l+ setChannelName()\l+ getIcon()\l+ getRegion()\l+ getChannelNr()\l+ getChannelName()\l# cUPnPClassVideoBroadcast()\l}" alt="" coords="285,2181,501,2501">
