<area shape="rect" href="$classcUPnPClassVideoItem.html" title="{cUPnPClassVideoItem\n|# mGenre\l# mDescription\l# mLongDescription\l# mPublishers\l# mLanguage\l# mRelations\l# mProducers\l# mRating\l# mActors\l# mDirectors\l|+ ~cUPnPClassVideoItem()\l+ getPropertyList()\l+ setProperty()\l+ getProperty()\l+ setLongDescription()\l+ setDescription()\l+ setPublishers()\l+ setGenre()\l+ setLanguage()\l+ setRelations()\l+ setDirectors()\l+ setActors()\l+ setProducers()\l+ setRating()\l+ getGenre()\l+ getLongDescription()\l+ getDescription()\l+ getPublishers()\l+ getLanguage()\l+ getRelations()\l+ getActors()\l+ getProducers()\l+ getDirectors()\l+ getRating()\l# cUPnPClassVideoItem()\l}" alt="" coords="99,1125,280,1733">
<area shape="rect" href="$classcUPnPClassObject.html" title="{cUPnPClassObject\n|# mLastModified\l# mID\l# mParent\l# mClass\l# mTitle\l# mCreator\l# mRestricted\l# mWriteStatus\l# mResources\l# mResourcesID\l# mDIDLFragment\l# mSortCriteria\l# mSortDescending\l&#45; mLastID\l&#45; mDeleted\l|+ modified()\l+ ~cUPnPClassObject()\l+ Compare()\l+ getPropertyList()\l+ getProperty()\l+ setProperty()\l+ getContainer()\l+ createDIDLFragment()\l+ isContainer()\l+ setSortCriteria()\l+ clearSortCriteria()\l+ setTitle()\l+ setCreator()\l+ setRestricted()\l+ setWriteStatus()\l+ setResources()\l+ addResource()\l+ removeResource()\l+ getID()\l+ getParentID()\l+ getParent()\l+ getTitle()\l+ getClass()\l+ getCreator()\l+ isRestricted()\l+ getWriteStatus()\l+ getResource()\l+ getResources()\l# cUPnPClassObject()\l# setID()\l# setParent()\l# setClass()\l# setModified()\l}" alt="" coords="109,5,269,821">
<area shape="rect" href="$classcUPnPClassMovie.html" title="{cUPnPClassMovie\n|# mDVDRegionCode\l# mStorageMedium\l|+ ~cUPnPClassMovie()\l+ getPropertyList()\l+ setProperty()\l+ getProperty()\l+ setDVDRegionCode()\l+ setStorageMedium()\l+ getDVDRegionCode()\l+ getStorageMedium()\l# cUPnPClassMovie()\l}" alt="" coords="5,1829,163,2053">
<area shape="rect" href="$classcUPnPClassVideoBroadcast.html" title="{cUPnPClassVideoBroadcast\n|# mIcon\l# mRegion\l# mChannelNr\l# mChannelName\l|+ ~cUPnPClassVideoBroadcast()\l+ getPropertyList()\l+ setProperty()\l+ getProperty()\l+ setIcon()\l+ setRegion()\l+ setChannelNr()\l+ setChannelName()\l+ getIcon()\l+ getRegion()\l+ getChannelNr()\l+ getChannelName()\l# cUPnPClassVideoBroadcast()\l}" alt="" coords="187,1781,403,2101">
