<area shape="rect" href="$classcUPnPObjectMediator.html" title="{cUPnPObjectMediator\n|# mDatabase\l# mMediaDatabase\l|+ ~cUPnPObjectMediator()\l+ createObject()\l+ getObject()\l+ saveObject()\l+ deleteObject()\l+ clearObject()\l# cUPnPObjectMediator()\l# initializeObject()\l# objectToDatabase()\l# databaseToObject()\l}" alt="" coords="115,213,293,453">
<area shape="rect" href="$classcUPnPContainerMediator.html" title="{cUPnPContainerMediator\n||+ cUPnPContainerMediator()\l+ ~cUPnPContainerMediator()\l+ createObject()\l+ getObject()\l# objectToDatabase()\l# databaseToObject()\l}" alt="" coords="5,501,200,661">
<area shape="rect" href="$classcUPnPItemMediator.html" title="{cUPnPItemMediator\n||+ cUPnPItemMediator()\l+ ~cUPnPItemMediator()\l+ createObject()\l+ getObject()\l# objectToDatabase()\l# databaseToObject()\l}" alt="" coords="224,501,389,661">
<area shape="rect" href="$classcUPnPVideoItemMediator.html" title="{cUPnPVideoItemMediator\n||+ cUPnPVideoItemMediator()\l+ ~cUPnPVideoItemMediator()\l+ createObject()\l+ getObject()\l# objectToDatabase()\l# databaseToObject()\l}" alt="" coords="207,709,407,869">
<area shape="rect" href="$classcUPnPMovieMediator.html" title="{cUPnPMovieMediator\n||+ cUPnPMovieMediator()\l+ ~cUPnPMovieMediator()\l+ createObject()\l+ getObject()\l# objectToDatabase()\l# databaseToObject()\l}" alt="" coords="105,917,281,1077">
<area shape="rect" href="$classcUPnPVideoBroadcastMediator.html" title="{cUPnPVideoBroadcastMediator\n||+ cUPnPVideoBroadcastMediator()\l+ ~cUPnPVideoBroadcastMediator()\l+ createObject()\l+ getObject()\l# objectToDatabase()\l# databaseToObject()\l}" alt="" coords="305,917,537,1077">
